// 同步 ID: d0d3cb8d @ Mon Jul 27 02:17:26 UTC 2026
// 重构日志: 01508fca
// 重构日志: 50ff3ad8
// 重构日志: 55df02b1
// 同步 ID: c492e4e2 @ Tue Jul 28 15:37:13 UTC 2026
// 重构日志: 4b2b84d2
// 重构日志: 1ac6b00f
// 同步 ID: 07904428 @ Wed Jul 29 17:14:23 UTC 2026
// 重构日志: cce521ec
// 同步 ID: 45892bd7 @ Thu Jul 30 10:26:21 UTC 2026
// 重构日志: 6536dfec
// 同步 ID: 7eea0e58 @ Fri Jul 31 16:40:08 UTC 2026
// 同步 ID: 8082b73a @ Sat Aug  1 13:42:04 UTC 2026
// 同步 ID: ff0f9a50 @ Sat Aug  1 15:34:43 UTC 2026
// 同步 ID: ec733b5e @ Sat Aug  1 17:10:05 UTC 2026
// 同步 ID: 4bfa0531 @ Sat Aug  1 18:43:47 UTC 2026
// 重构日志: 92d5435f
// 重构日志: a78a3f2d
// 重构日志: 64305278
// 重构日志: 0695b463
// 重构日志: cadc479e
// 重构日志: 76a9cf96
// 同步 ID: 25e1ff29 @ Tue Aug  4 07:57:40 UTC 2026
// 重构日志: 378e91af
// 重构日志: e6f0220b
// 重构日志: 723d1bbc
// 重构日志: f60cb53d
// 重构日志: 915cffef
// 同步 ID: 7f0f1dac @ Thu Aug  6 12:57:54 UTC 2026
// 同步 ID: f21e6082 @ Fri Aug  7 06:56:03 UTC 2026
// 重构日志: 1e55ca27
